--- Startup times for process: Primary (or UI client) ---

times in msec
 clock   self+sourced   self:  sourced script
 clock   elapsed:              other lines

000.000  000.000: --- NVIM STARTING ---
000.110  000.110: event init
001.079  000.969: early init
001.283  000.204: locale set
001.300  000.017: init first window
001.672  000.373: inits 1
001.676  000.004: window checked
001.678  000.002: parsing arguments
004.186  000.027  000.027: require('vim._core.shared')
004.232  000.002  000.002: require('string.buffer')
004.246  000.025  000.023: require('vim.inspect')
004.273  000.023  000.023: require('vim._core.options')
004.274  000.086  000.038: require('vim._core.editor')
004.313  000.038  000.038: require('vim._core.system')
004.314  000.218  000.067: require('vim._init_packages')
004.315  002.419: init lua interpreter
007.098  002.784: nvim_ui_attach
007.318  000.219: nvim_set_client_info
007.319  000.001: --- NVIM STARTED ---

--- Startup times for process: Embedded ---

times in msec
 clock   self+sourced   self:  sourced script
 clock   elapsed:              other lines

000.000  000.000: --- NVIM STARTING ---
000.039  000.039: event init
000.120  000.080: early init
000.301  000.182: locale set
000.317  000.016: init first window
000.576  000.259: inits 1
000.582  000.006: window checked
000.584  000.002: parsing arguments
000.882  000.026  000.026: require('vim._core.shared')
000.924  000.002  000.002: require('string.buffer')
000.937  000.024  000.023: require('vim.inspect')
000.965  000.023  000.023: require('vim._core.options')
000.966  000.083  000.035: require('vim._core.editor')
001.001  000.034  000.034: require('vim._core.system')
001.002  000.164  000.021: require('vim._init_packages')
001.003  000.256: init lua interpreter
002.378  001.375: expanding arguments
002.388  000.010: inits 2
002.554  000.166: init highlight
002.555  000.000: waiting for UI
002.646  000.091: done waiting for UI
002.653  000.008: clear screen
002.753  000.011  000.011: require('vim.keymap')
003.751  000.116  000.116: sourcing nvim_exec2()
003.796  000.014  000.014: require('vim._core.log')
004.665  002.009  001.868: require('vim._core.defaults')
004.666  000.003: init default mappings & autocommands
005.703  000.274  000.274: sourcing /opt/homebrew/Cellar/neovim/0.12.5_1/share/nvim/runtime/ftplugin.vim
006.033  000.281  000.281: sourcing /opt/homebrew/Cellar/neovim/0.12.5_1/share/nvim/runtime/indent.vim
006.829  000.213  000.213: require('core.globals')
008.044  000.123  000.123: sourcing /opt/homebrew/Cellar/neovim/0.12.5_1/share/nvim/runtime/syntax/synload.vim
008.643  000.019  000.019: sourcing nvim_exec2() called at /opt/homebrew/Cellar/neovim/0.12.5_1/share/nvim/runtime/filetype.lua:0
008.644  000.550  000.531: sourcing /opt/homebrew/Cellar/neovim/0.12.5_1/share/nvim/runtime/filetype.lua
010.665  001.811  001.811: require('vim.filetype')
010.738  000.070  000.070: require('vim.fs')
012.477  001.516  001.516: require('vim.filetype.detect')
012.539  005.369  001.301: sourcing /opt/homebrew/Cellar/neovim/0.12.5_1/share/nvim/runtime/syntax/syntax.vim
012.542  005.415  000.046: sourcing nvim_exec2() called at /Users/santiago/.config/nvim-vim-pack/init.lua:0
012.618  000.036  000.036: sourcing /opt/homebrew/Cellar/neovim/0.12.5_1/share/nvim/runtime/filetype.lua
012.659  000.006  000.006: sourcing /opt/homebrew/Cellar/neovim/0.12.5_1/share/nvim/runtime/ftplugin.vim
012.694  000.005  000.005: sourcing /opt/homebrew/Cellar/neovim/0.12.5_1/share/nvim/runtime/indent.vim
012.698  000.153  000.106: sourcing nvim_exec2() called at /Users/santiago/.config/nvim-vim-pack/init.lua:0
012.704  000.005  000.005: sourcing nvim_exec2() called at /Users/santiago/.config/nvim-vim-pack/init.lua:0
012.707  000.002  000.002: sourcing nvim_exec2() called at /Users/santiago/.config/nvim-vim-pack/init.lua:0
012.709  000.001  000.001: sourcing nvim_exec2() called at /Users/santiago/.config/nvim-vim-pack/init.lua:0
012.711  005.881  000.305: require('core.options')
013.279  000.567  000.567: require('core.keymaps')
013.280  007.003  000.342: require('core')
013.281  007.179  000.175: sourcing /Users/santiago/.config/nvim-vim-pack/init.lua
013.287  000.886: sourcing vimrc file(s)
016.260  000.364  000.364: require('vim._async')
016.268  002.470  002.105: require('vim.pack')
016.915  000.004  000.004: require('vim.F')
017.547  000.317  000.317: require('onedark')
018.132  000.108  000.108: require('onedark')
018.268  000.116  000.116: sourcing nvim_exec2() called at /Users/santiago/.local/share/nvim-vim-pack/site/pack/core/opt/onedark.nvim/colors/onedark.lua:0
018.363  000.092  000.092: sourcing nvim_exec2() called at /Users/santiago/.local/share/nvim-vim-pack/site/pack/core/opt/onedark.nvim/colors/onedark.lua:0
019.831  000.207  000.207: require('onedark.palette')
019.872  000.427  000.220: require('onedark.colors')
020.059  000.184  000.184: require('onedark.util')
020.300  001.933  001.322: require('onedark.highlights')
021.792  000.216  000.216: require('onedark.terminal')
021.798  003.922  001.457: sourcing /Users/santiago/.local/share/nvim-vim-pack/site/pack/core/opt/onedark.nvim/colors/onedark.lua
021.800  008.202  001.490: sourcing /Users/santiago/.config/nvim-vim-pack/plugin/00-theme.lua
023.137  000.799  000.799: require('mini.basics')
023.290  000.035  000.035: sourcing /opt/homebrew/Cellar/neovim/0.12.5_1/share/nvim/runtime/filetype.lua
023.334  000.006  000.006: sourcing /opt/homebrew/Cellar/neovim/0.12.5_1/share/nvim/runtime/ftplugin.vim
023.373  000.004  000.004: sourcing /opt/homebrew/Cellar/neovim/0.12.5_1/share/nvim/runtime/indent.vim
023.377  000.166  000.121: sourcing nvim_exec2() called at /Users/santiago/.config/nvim-vim-pack/plugin/10-mini.lua:0
026.973  001.302  001.302: require('mini.base16')
027.068  005.234  002.967: sourcing /Users/santiago/.config/nvim-vim-pack/plugin/10-mini.lua
028.286  000.343  000.343: sourcing /opt/homebrew/Cellar/neovim/0.12.5_1/share/nvim/runtime/plugin/gzip.vim
029.265  000.281  000.281: sourcing /opt/homebrew/Cellar/neovim/0.12.5_1/share/nvim/runtime/pack/dist/opt/matchit/plugin/matchit.vim
029.293  000.974  000.693: sourcing /opt/homebrew/Cellar/neovim/0.12.5_1/share/nvim/runtime/plugin/matchit.vim
029.587  000.262  000.262: sourcing /opt/homebrew/Cellar/neovim/0.12.5_1/share/nvim/runtime/plugin/matchparen.vim
030.503  000.294  000.294: sourcing /opt/homebrew/Cellar/neovim/0.12.5_1/share/nvim/runtime/pack/dist/opt/netrw/plugin/netrwPlugin.vim
030.533  000.914  000.620: sourcing /opt/homebrew/Cellar/neovim/0.12.5_1/share/nvim/runtime/plugin/netrwPlugin.vim
031.153  000.583  000.583: sourcing /opt/homebrew/Cellar/neovim/0.12.5_1/share/nvim/runtime/plugin/rplugin.vim
032.456  001.267  001.267: sourcing /opt/homebrew/Cellar/neovim/0.12.5_1/share/nvim/runtime/plugin/tarPlugin.vim
032.675  000.175  000.175: sourcing /opt/homebrew/Cellar/neovim/0.12.5_1/share/nvim/runtime/plugin/tutor.vim
032.909  000.195  000.195: sourcing /opt/homebrew/Cellar/neovim/0.12.5_1/share/nvim/runtime/plugin/zipPlugin.vim
033.766  000.820  000.820: sourcing /opt/homebrew/Cellar/neovim/0.12.5_1/share/nvim/runtime/plugin/editorconfig.lua
033.870  000.064  000.064: sourcing /opt/homebrew/Cellar/neovim/0.12.5_1/share/nvim/runtime/plugin/man.lua
033.997  000.088  000.088: sourcing /opt/homebrew/Cellar/neovim/0.12.5_1/share/nvim/runtime/plugin/net.lua
034.104  000.070  000.070: sourcing /opt/homebrew/Cellar/neovim/0.12.5_1/share/nvim/runtime/plugin/osc52.lua
034.222  000.081  000.081: sourcing /opt/homebrew/Cellar/neovim/0.12.5_1/share/nvim/runtime/plugin/shada.lua
034.300  000.037  000.037: sourcing /opt/homebrew/Cellar/neovim/0.12.5_1/share/nvim/runtime/plugin/spellfile.lua
034.319  001.722: loading rtp plugins
034.456  000.136: loading packages
034.457  000.001: loading after plugins
034.462  000.006: inits 3
035.372  000.910: reading ShaDa
035.416  000.043: opening buffers
035.428  000.013: BufEnter autocommands
035.429  000.001: editing files in windows
035.494  000.065: VimEnter autocommands
035.508  000.014: UIEnter autocommands
036.206  000.430  000.430: sourcing /opt/homebrew/Cellar/neovim/0.12.5_1/share/nvim/runtime/autoload/provider/clipboard.vim
036.209  000.271: before starting main loop
11632.298  000.085  000.085: require('vim._core.util')
11632.656  11596.363: first screen update
11632.659  000.003: --- NVIM STARTED ---

--- Startup times for process: Primary (or UI client) ---

times in msec
 clock   self+sourced   self:  sourced script
 clock   elapsed:              other lines

000.000  000.000: --- NVIM STARTING ---
000.053  000.053: event init
000.524  000.471: early init
000.779  000.255: locale set
000.799  000.019: init first window
001.111  000.313: inits 1
001.116  000.004: window checked
001.118  000.002: parsing arguments
001.611  000.028  000.028: require('vim._core.shared')
001.655  000.002  000.002: require('string.buffer')
001.669  000.025  000.023: require('vim.inspect')
001.698  000.024  000.024: require('vim._core.options')
001.699  000.085  000.035: require('vim._core.editor')
001.742  000.043  000.043: require('vim._core.system')
001.744  000.176  000.020: require('vim._init_packages')
001.745  000.451: init lua interpreter
004.630  002.885: nvim_ui_attach
004.859  000.229: nvim_set_client_info
004.860  000.001: --- NVIM STARTED ---

--- Startup times for process: Embedded ---

times in msec
 clock   self+sourced   self:  sourced script
 clock   elapsed:              other lines

000.000  000.000: --- NVIM STARTING ---
000.041  000.041: event init
000.129  000.088: early init
000.339  000.209: locale set
000.356  000.018: init first window
000.599  000.242: inits 1
000.605  000.006: window checked
000.608  000.002: parsing arguments
000.893  000.027  000.027: require('vim._core.shared')
000.934  000.002  000.002: require('string.buffer')
000.948  000.025  000.023: require('vim.inspect')
000.985  000.032  000.032: require('vim._core.options')
000.987  000.093  000.035: require('vim._core.editor')
001.028  000.040  000.040: require('vim._core.system')
001.029  000.178  000.019: require('vim._init_packages')
001.031  000.245: init lua interpreter
002.349  001.318: expanding arguments
002.359  000.010: inits 2
002.536  000.177: init highlight
002.537  000.001: waiting for UI
002.636  000.099: done waiting for UI
002.644  000.008: clear screen
002.750  000.007  000.007: require('vim.keymap')
003.421  000.099  000.099: sourcing nvim_exec2()
003.454  000.009  000.009: require('vim._core.log')
004.434  001.787  001.673: require('vim._core.defaults')
004.435  000.004: init default mappings & autocommands
005.072  000.202  000.202: sourcing /opt/homebrew/Cellar/neovim/0.12.5_1/share/nvim/runtime/ftplugin.vim
005.266  000.148  000.148: sourcing /opt/homebrew/Cellar/neovim/0.12.5_1/share/nvim/runtime/indent.vim
006.815  000.977  000.977: require('core.globals')
007.618  000.104  000.104: sourcing /opt/homebrew/Cellar/neovim/0.12.5_1/share/nvim/runtime/syntax/synload.vim
008.290  000.028  000.028: sourcing nvim_exec2() called at /opt/homebrew/Cellar/neovim/0.12.5_1/share/nvim/runtime/filetype.lua:0
008.292  000.623  000.594: sourcing /opt/homebrew/Cellar/neovim/0.12.5_1/share/nvim/runtime/filetype.lua
009.342  001.000  001.000: require('vim.filetype')
009.367  000.021  000.021: require('vim.fs')
011.106  001.535  001.535: require('vim.filetype.detect')
011.171  004.019  000.736: sourcing /opt/homebrew/Cellar/neovim/0.12.5_1/share/nvim/runtime/syntax/syntax.vim
011.173  004.071  000.052: sourcing nvim_exec2() called at /Users/santiago/.config/nvim-vim-pack/init.lua:0
011.248  000.038  000.038: sourcing /opt/homebrew/Cellar/neovim/0.12.5_1/share/nvim/runtime/filetype.lua
011.291  000.006  000.006: sourcing /opt/homebrew/Cellar/neovim/0.12.5_1/share/nvim/runtime/ftplugin.vim
011.326  000.005  000.005: sourcing /opt/homebrew/Cellar/neovim/0.12.5_1/share/nvim/runtime/indent.vim
011.330  000.155  000.106: sourcing nvim_exec2() called at /Users/santiago/.config/nvim-vim-pack/init.lua:0
011.335  000.002  000.002: sourcing nvim_exec2() called at /Users/santiago/.config/nvim-vim-pack/init.lua:0
011.338  000.002  000.002: sourcing nvim_exec2() called at /Users/santiago/.config/nvim-vim-pack/init.lua:0
011.340  000.001  000.001: sourcing nvim_exec2() called at /Users/santiago/.config/nvim-vim-pack/init.lua:0
011.342  004.525  000.293: require('core.options')
012.030  000.688  000.688: require('core.keymaps')
012.031  006.527  000.337: require('core')
012.032  006.663  000.136: sourcing /Users/santiago/.config/nvim-vim-pack/init.lua
012.040  000.592: sourcing vimrc file(s)
014.054  000.315  000.315: require('vim._async')
014.060  001.531  001.216: require('vim.pack')
014.207  000.003  000.003: require('vim.F')
014.794  000.282  000.282: require('onedark')
015.632  000.114  000.114: require('onedark')
015.756  000.117  000.117: sourcing nvim_exec2() called at /Users/santiago/.local/share/nvim-vim-pack/site/pack/core/opt/onedark.nvim/colors/onedark.lua:0
015.856  000.094  000.094: sourcing nvim_exec2() called at /Users/santiago/.local/share/nvim-vim-pack/site/pack/core/opt/onedark.nvim/colors/onedark.lua:0
017.279  000.219  000.219: require('onedark.palette')
017.311  000.355  000.136: require('onedark.colors')
017.422  000.109  000.109: require('onedark.util')
017.517  001.655  001.191: require('onedark.highlights')
018.993  000.132  000.132: require('onedark.terminal')
018.998  004.029  001.917: sourcing /Users/santiago/.local/share/nvim-vim-pack/site/pack/core/opt/onedark.nvim/colors/onedark.lua
019.001  006.610  000.764: sourcing /Users/santiago/.config/nvim-vim-pack/plugin/00-theme.lua
020.307  000.858  000.858: require('mini.basics')
020.512  000.047  000.047: sourcing /opt/homebrew/Cellar/neovim/0.12.5_1/share/nvim/runtime/filetype.lua
020.565  000.009  000.009: sourcing /opt/homebrew/Cellar/neovim/0.12.5_1/share/nvim/runtime/ftplugin.vim
020.609  000.005  000.005: sourcing /opt/homebrew/Cellar/neovim/0.12.5_1/share/nvim/runtime/indent.vim
020.613  000.207  000.146: sourcing nvim_exec2() called at /Users/santiago/.config/nvim-vim-pack/plugin/10-mini.lua:0
023.118  004.084  003.019: sourcing /Users/santiago/.config/nvim-vim-pack/plugin/10-mini.lua
024.058  000.247  000.247: sourcing /opt/homebrew/Cellar/neovim/0.12.5_1/share/nvim/runtime/plugin/gzip.vim
025.019  000.404  000.404: sourcing /opt/homebrew/Cellar/neovim/0.12.5_1/share/nvim/runtime/pack/dist/opt/matchit/plugin/matchit.vim
025.047  000.953  000.549: sourcing /opt/homebrew/Cellar/neovim/0.12.5_1/share/nvim/runtime/plugin/matchit.vim
025.250  000.171  000.171: sourcing /opt/homebrew/Cellar/neovim/0.12.5_1/share/nvim/runtime/plugin/matchparen.vim
025.936  000.247  000.247: sourcing /opt/homebrew/Cellar/neovim/0.12.5_1/share/nvim/runtime/pack/dist/opt/netrw/plugin/netrwPlugin.vim
025.964  000.682  000.435: sourcing /opt/homebrew/Cellar/neovim/0.12.5_1/share/nvim/runtime/plugin/netrwPlugin.vim
026.144  000.139  000.139: sourcing /opt/homebrew/Cellar/neovim/0.12.5_1/share/nvim/runtime/plugin/rplugin.vim
026.250  000.069  000.069: sourcing /opt/homebrew/Cellar/neovim/0.12.5_1/share/nvim/runtime/plugin/tarPlugin.vim
026.312  000.026  000.026: sourcing /opt/homebrew/Cellar/neovim/0.12.5_1/share/nvim/runtime/plugin/tutor.vim
026.490  000.142  000.142: sourcing /opt/homebrew/Cellar/neovim/0.12.5_1/share/nvim/runtime/plugin/zipPlugin.vim
026.577  000.049  000.049: sourcing /opt/homebrew/Cellar/neovim/0.12.5_1/share/nvim/runtime/plugin/editorconfig.lua
026.679  000.066  000.066: sourcing /opt/homebrew/Cellar/neovim/0.12.5_1/share/nvim/runtime/plugin/man.lua
026.821  000.106  000.106: sourcing /opt/homebrew/Cellar/neovim/0.12.5_1/share/nvim/runtime/plugin/net.lua
026.939  000.081  000.081: sourcing /opt/homebrew/Cellar/neovim/0.12.5_1/share/nvim/runtime/plugin/osc52.lua
027.063  000.086  000.086: sourcing /opt/homebrew/Cellar/neovim/0.12.5_1/share/nvim/runtime/plugin/shada.lua
027.142  000.038  000.038: sourcing /opt/homebrew/Cellar/neovim/0.12.5_1/share/nvim/runtime/plugin/spellfile.lua
027.162  001.571: loading rtp plugins
027.298  000.136: loading packages
027.299  000.001: loading after plugins
027.305  000.006: inits 3
027.639  000.334: reading ShaDa
027.691  000.051: opening buffers
027.704  000.014: BufEnter autocommands
027.705  000.001: editing files in windows
027.776  000.070: VimEnter autocommands
027.788  000.012: UIEnter autocommands
028.141  000.292  000.292: sourcing /opt/homebrew/Cellar/neovim/0.12.5_1/share/nvim/runtime/autoload/provider/clipboard.vim
028.144  000.064: before starting main loop
028.251  000.011  000.011: require('vim._core.util')
028.336  000.181: first screen update
028.337  000.001: --- NVIM STARTED ---

